// Jest Snapshot v1, https://goo.gl/fbAQLP

exports[`BitMath #leastSignificantBit gas cost of max uint128 1`] = `80056`;

exports[`BitMath #leastSignificantBit gas cost of max uint256 1`] = `79928`;

exports[`BitMath #leastSignificantBit gas cost of smaller number 1`] = `81524`;

exports[`BitMath #mostSignificantBit gas cost of max uint128 1`] = `82332`;

exports[`BitMath #mostSignificantBit gas cost of max uint256 1`] = `86696`;

exports[`BitMath #mostSignificantBit gas cost of smaller number 1`] = `63188`;
