// Jest Snapshot v1, https://goo.gl/fbAQLP

exports[`SwapMath #computeSwapStep gas swap one for zero exact in capped 1`] = `596496`;

exports[`SwapMath #computeSwapStep gas swap one for zero exact in partial 1`] = `725268`;

exports[`SwapMath #computeSwapStep gas swap one for zero exact out capped 1`] = `530516`;

exports[`SwapMath #computeSwapStep gas swap one for zero exact out partial 1`] = `725268`;

exports[`SwapMath #computeSwapStep gas swap zero for one exact in capped 1`] = `633408`;

exports[`SwapMath #computeSwapStep gas swap zero for one exact in partial 1`] = `976938`;

exports[`SwapMath #computeSwapStep gas swap zero for one exact out capped 1`] = `567428`;

exports[`SwapMath #computeSwapStep gas swap zero for one exact out partial 1`] = `976938`;
